[program 
  [fundecl 
    [void]
    [main]
    [paramlist]
    [block 
      [block 
        [vardecl [x]]
        [vardecl [y]]
        [vardecl [z]]
      ]
    ]
  ]
]
