[program 
  [decfunc 
    [void]
    [main]
    [paramlist]
    [block 
      [assign [var [x]] [var [y]]] 
      [assign [var [x]] [10]] 
      [assign [var [x]] 
        [* 
          [+ [1] [2]] [var [y]]]] 
    ]
  ]
]
