[program 
  [decfunc 
    [void]
    [main]
    [paramlist]
    [block [2147483647]
    ]
  ]
]
