[program 
  [fundecl 
    [void]
    [main]
    [paramlist]
    [block 
      [block 
      ]
    ]
  ]
]
