[program 
  [decvar var1 [10]]
  [decfunc 
    [void]
    [main]
    [paramlist]
    [block 
    ]
  ]
]
