[program 
  [fundecl 
    [void]
    [main]
    [paramlist]
    [block 
      [if 
        [== [1] [1]]
        [;]
      ]
      [if 
        [== [1] [1]]
        [;]
        [;]
      ]
    ]
  ]
]
