[program 
  [decfunc 
    [void]
    [main]
    [paramlist]
    [block [1]
    ]
  ]
]
