[program 
  [fundecl 
    [void]
    [f0]
    [paramlist]
    [block 
    ]
  ]
  [fundecl 
    [void]
    [f1]
    [paramlist]
    [block [1][2][3]
    ]
  ]
  [fundecl 
    [void]
    [f2]
    [paramlist]
    [block [1]
    ]
  ]
  [fundecl 
    [void]
    [main]
    [paramlist]
    [block 
    ]
  ]
]
