[program 
  [decfunc 
    [void]
    [foo]
    [paramlist 
      [decparm [a]] 
      [decparm [b] [array]] 
      [decparm [c]] 
      [decparm [d]] 
      [decparm [e] [array]]]
    [block 
    ]
  ]
  [decfunc 
    [void]
    [main]
    [paramlist]
    [block 
    ]
  ]
]
