[program 
  [fundecl 
    [void]
    [main]
    [paramlist]
    [block 
      [+ 
        [+ 
          [+ [1] [2]] [3]] [4]]
      [- 
        [- 
          [- [1] [2]] [3]] [4]]
      [* 
        [* 
          [* [1] [2]] [3]] [4]]
      [/ 
        [/ 
          [/ [1] [2]] [3]] [4]]
      [+ 
        [- [1] [2]] [3]]
      [- 
        [+ [1] [2]] [3]]
      [/ 
        [* [1] [2]] [3]]
      [* 
        [/ [1] [2]] [3]]
    ]
  ]
]
