[program 
  [decfunc 
    [void]
    [foo]
    [paramlist 
      [decparm [a]]]
    [block 
    ]
  ]
  [decfunc 
    [void]
    [main]
    [paramlist]
    [block 
    ]
  ]
]
