[program 
  [decfunc 
    [void]
    [main]
    [paramlist]
    [block 
      [while 
        [== [var a] [1]]
        [block 
        ]
      ]
      [return ]
    ]
  ]
]
