[program 
  [decfunc 
    [void]
    [main]
    [paramlist]
    [block 
      [* [1] [2]]
      [/ [1] [2]]
    ]
  ]
]
