[program 
  [decfunc 
    [void]
    [main]
    [paramlist]
    [block 
      [assign [var [x]] 
        [assign [var [y]] [10]]] 
      [assign [var [x]] 
        [assign [var [y]] [var [arr] [0]]]] 
      [assign [var [arr] [0]] 
        [assign [var [y]] 
          [assign [var [x]] 
            [* [10] [var [x]]]]]] 
    ]
  ]
]
