[program 
  [decfunc 
    [void]
    [foo]
    [paramlist 
      [[void] [stuff]]
    ]
    [block 
    ]
  ]
  [decfunc 
    [void]
    [main]
    [paramlist]
    [block 
    ]
  ]
]
