[program 
  [fundecl 
    [void]
    [foo]
    [paramlist 
      [param [arr] [array]]]
    [block 
    ]
  ]
  [fundecl 
    [void]
    [main]
    [paramlist]
    [block 
    ]
  ]
]
