[program 
  [decfunc 
    [void]
    [foo]
    [paramlist]
    [block 
    ]
  ]
  [decfunc 
    [void]
    [main]
    [paramlist]
    [block 
    ]
  ]
]
