[program 
  [decfunc 
    [void]
    [foo]
    [paramlist 
      [[int] [a]]
      [[int] [b]]
      [[int] [c]]
    ]
    [block 
    ]
  ]
  [decfunc 
    [void]
    [main]
    [paramlist]
    [block 
    ]
  ]
]
