[program 
  [fundecl 
    [void]
    [main]
    [paramlist]
    [block 
      [= [var [x]] 
        [< [var [y]] [2]]] 
    ]
  ]
]
