[program 
  [fundecl 
    [void]
    [main]
    [paramlist]
    [block 
      [if 
        [== [var [a]] [var [b]]]
        [return ]
      ]
      [if 
        [>= [var [a]] [var [b]]]
        [= [var [a]] 
          [+ [var [a]] [var [b]]]]
        [block 
          [return ]
        ]
      ]
      [return ]
    ]
  ]
]
