[program 
  [fundecl 
    [void]
    [main]
    [paramlist]
    [block 
      [if 
        [== [1] [1]]
        [while 
          [== [1] [1]]
          [if 
            [== [1] [1]]
            [return]
            [if 
              [== [2] [2]]
              [return]
              [while [1]
                [;]
              ]
            ]
          ]
        ]
      ]
    ]
  ]
]
