[program 
  [fundecl 
    [void]
    [foo]
    [paramlist]
    [block 
    ]
  ]
  [fundecl 
    [int]
    [bar]
    [paramlist]
    [block 
    ]
  ]
  [fundecl 
    [void]
    [main]
    [paramlist]
    [block 
    ]
  ]
]
