[program 
  [fundecl 
    [void]
    [main]
    [paramlist]
    [block 
      [if 
        [== [1] [1]][1][2]
      ]
      [if 
        [== [1] [1]][3]
      ]
    ]
  ]
]
