[program 
  [fun-declaration 
    [void]
    [main]
    [params]
    [compound-stmt 
      [- 
        [- 
          [+ 
            [+ 
              [- 
                [* [var [x]] [var [y]]] 
                [/ [4] [var [z]]]] 
              [* [var [w]] 
                [+ [var [k]] [2]]]] [var [j] [10]]] [var [j] [var [x]]]] [var [j] 
          [- [var [x]] [2]]]] 
    ]
  ]
]
