[program 
  [vardecl [var1]]
  [fundecl 
    [void]
    [main]
    [paramlist]
    [block 
    ]
  ]
]
